<h1>Awesome People</h1>
<ul>

    <li class="first">Paul</li>

    <li>Jim</li>

    <li>Jane</li>

</ul>